// Jest Snapshot v1, https://goo.gl/fbAQLP

exports[`Issue289.sol 1`] = `
contract Issue289 {
  function f() {
	address[] storage proposalValidators
 = ethProposals[_blockNumber][_proposalId].proposalValidators;
  }
}
~~~~~~~~~~~~~~~~~~~~~~~~~~~~~~~~~~~~~~~~~~~~~~~~~~~~~~~~~~~~~~~~~~~~~~~~~~~~~~~~
contract Issue289 {
    function f() {
        address[] storage proposalValidators =
            ethProposals[_blockNumber][_proposalId].proposalValidators;
    }
}

`;

exports[`Issue385.sol 1`] = `
contract Issue385 {
  function emptyTryCatch() {
            try
                IService(_THIS_SERVICE).server().assign{value: msg.value}(
                    taskReceipt
                )
             {} catch Error(string memory error) {
                error.revertWithInfo("BService.delegatecall.assign:");
            } catch {
                revert("BService.delegatecall.assign:undefined");
            }
  }
}
~~~~~~~~~~~~~~~~~~~~~~~~~~~~~~~~~~~~~~~~~~~~~~~~~~~~~~~~~~~~~~~~~~~~~~~~~~~~~~~~
contract Issue385 {
    function emptyTryCatch() {
        try
            IService(_THIS_SERVICE).server().assign{value: msg.value}(
                taskReceipt
            )
        {} catch Error(string memory error) {
            error.revertWithInfo("BService.delegatecall.assign:");
        } catch {
            revert("BService.delegatecall.assign:undefined");
        }
    }
}

`;
