// Jest Snapshot v1, https://goo.gl/fbAQLP

exports[`inbox.sol 1`] = `
pragma   solidity   ^0.4.23;
contract Inbox {
  string public message;

  constructor(string initialMessage) public {
    message = initialMessage;
  }

  function setMessage(string newMessage) public {
    message = newMessage;
  }
}

~~~~~~~~~~~~~~~~~~~~~~~~~~~~~~~~~~~~~~~~~~~~~~~~~~~~~~~~~~~~~~~~~~~~~~~~~~~~~~~~
pragma solidity ^0.4.23;
contract Inbox {
  string public message;
  constructor(string initialMessage) public {
    message = initialMessage;
  }
  function setMessage(string newMessage) public {
    message = newMessage;
  }
}
`;
