// Jest Snapshot v1, https://goo.gl/fbAQLP

exports[`ModifierInvocations.sol format 1`] = `
====================================options=====================================
parsers: ["solidity-parse"]
printWidth: 80
                                                                                | printWidth
=====================================input======================================
// SPDX-License-Identifier: MIT
pragma solidity 0.8.6;

contract ModifierDefinitions {
  modifier emptyParams {_;}
  modifier noParams() {_;}
  modifier oneParam(uint a) {_;}
}

contract ModifierInvocations is ModifierDefinitions {
  constructor () emptyParams noParams() ModifierDefinitions() {}
  function test() public emptyParams noParams() oneParam(5) {}
}

=====================================output=====================================
// SPDX-License-Identifier: MIT
pragma solidity 0.8.6;

contract ModifierDefinitions {
    modifier emptyParams() {
        _;
    }
    modifier noParams() {
        _;
    }
    modifier oneParam(uint256 a) {
        _;
    }
}

contract ModifierInvocations is ModifierDefinitions {
    constructor() emptyParams noParams() ModifierDefinitions() {}

    function test() public emptyParams noParams oneParam(5) {}
}

================================================================================
`;
