// Jest Snapshot v1, https://goo.gl/fbAQLP

exports[`Etc.sol 1`] = `
pragma solidity ^0.4.24;

// line comment

/*
	Block comment
*/

contract Contract {
  struct StructWithFunctionTypes {
    function (uint, uint) returns(bool) a;
    function(bytes32, bytes32) internal view[] b;
    function(bytes32, bytes32) internal[] c;
  }

  modifier modifierWithoutParams() {
    require(msg.sender != address(0));
    _;
  }

  modifier modifierWithParams(address x) {
    require(msg.sender != x);
    _;
  }
}
~~~~~~~~~~~~~~~~~~~~~~~~~~~~~~~~~~~~~~~~~~~~~~~~~~~~~~~~~~~~~~~~~~~~~~~~~~~~~~~~
pragma solidity ^0.4.24;

// line comment

/*
	Block comment
*/

contract Contract {
  struct StructWithFunctionTypes {
    function(uint, uint) returns(bool) a;
    function(bytes32, bytes32) internal view[] b;
    function(bytes32, bytes32) internal[] c;
  }

  modifier modifierWithoutParams() {
    require(msg.sender != address(0));
    _;
  }

  modifier modifierWithParams(address x) {
    require(msg.sender != x);
    _;
  }
}

`;
